../Core/Src/main_functions.c:25:6:CAN_Init	48	static
../Core/Src/main_functions.c:58:9:CAN_Transmit_Message	64	static
../Core/Src/main_functions.c:83:6:Reader_Manage_KeepAlive	16	static
../Core/Src/main_functions.c:101:6:Reader_RFID	8	static
../Core/Src/main_functions.c:117:6:HAL_CAN_RxFifo0MsgPendingCallback	56	static
../Core/Src/main_functions.c:131:6:Reader_Feedback	24	static
../Core/Src/main_functions.c:158:6:OK_UID_Tone	16	static
../Core/Src/main_functions.c:170:6:BAD_UID_Tone	16	static
../Core/Src/main_functions.c:180:6:ALARM	16	static
