../Core/Src/main_functions.c:25:6:CAN_Init	48	static
../Core/Src/main_functions.c:51:9:CAN_Transmit_Message	64	static
../Core/Src/main_functions.c:72:6:Reader_Manage_KeepAlive	16	static
../Core/Src/main_functions.c:86:6:Reader_RFID	8	static
../Core/Src/main_functions.c:101:6:HAL_CAN_RxFifo0MsgPendingCallback	56	static
../Core/Src/main_functions.c:115:6:Reader_Feedback	24	static
../Core/Src/main_functions.c:142:6:OK_UID_Tone	16	static
../Core/Src/main_functions.c:154:6:BAD_UID_Tone	16	static
../Core/Src/main_functions.c:164:6:ALARM	16	static
