../Core/Src/rc522_module_driver.c:53:9:MFRC522_ReadRegister	32	static
../Core/Src/rc522_module_driver.c:72:6:MFRC522_WriteRegister	24	static
../Core/Src/rc522_module_driver.c:87:6:MFRC522_AntennaON	16	static
../Core/Src/rc522_module_driver.c:96:6:MFRC522_Init	8	static
../Core/Src/rc522_module_driver.c:127:6:MFRC522_Transmit	24	static
../Core/Src/rc522_module_driver.c:150:9:MFRC522_ToCard	48	static
../Core/Src/rc522_module_driver.c:211:9:MFRC522_Request	32	static
../Core/Src/rc522_module_driver.c:233:9:MFRC522_Anticoll	40	static
