Archive member included to satisfy reference by file (symbol)

C:/ST/STM32CubeIDE_2.1.1/STM32CubeIDE/plugins/com.st.stm32cube.ide.mcu.externaltools.gnu-tools-for-stm32.14.3.rel1.win32_1.0.100.202602081740/tools/bin/../lib/gcc/arm-none-eabi/14.3.1/../../../../arm-none-eabi/lib/thumb/v7-m/nofp\libc_nano.a(libc_a-exit.o)
                              C:/ST/STM32CubeIDE_2.1.1/STM32CubeIDE/plugins/com.st.stm32cube.ide.mcu.externaltools.gnu-tools-for-stm32.14.3.rel1.win32_1.0.100.202602081740/tools/bin/../lib/gcc/arm-none-eabi/14.3.1/../../../../arm-none-eabi/lib/thumb/v7-m/nofp/crt0.o (exit)
C:/ST/STM32CubeIDE_2.1.1/STM32CubeIDE/plugins/com.st.stm32cube.ide.mcu.externaltools.gnu-tools-for-stm32.14.3.rel1.win32_1.0.100.202602081740/tools/bin/../lib/gcc/arm-none-eabi/14.3.1/../../../../arm-none-eabi/lib/thumb/v7-m/nofp\libc_nano.a(libc_a-findfp.o)
                              C:/ST/STM32CubeIDE_2.1.1/STM32CubeIDE/plugins/com.st.stm32cube.ide.mcu.externaltools.gnu-tools-for-stm32.14.3.rel1.win32_1.0.100.202602081740/tools/bin/../lib/gcc/arm-none-eabi/14.3.1/../../../../arm-none-eabi/lib/thumb/v7-m/nofp\libc_nano.a(libc_a-exit.o) (__stdio_exit_handler)
C:/ST/STM32CubeIDE_2.1.1/STM32CubeIDE/plugins/com.st.stm32cube.ide.mcu.externaltools.gnu-tools-for-stm32.14.3.rel1.win32_1.0.100.202602081740/tools/bin/../lib/gcc/arm-none-eabi/14.3.1/../../../../arm-none-eabi/lib/thumb/v7-m/nofp\libc_nano.a(libc_a-fwalk.o)
                              C:/ST/STM32CubeIDE_2.1.1/STM32CubeIDE/plugins/com.st.stm32cube.ide.mcu.externaltools.gnu-tools-for-stm32.14.3.rel1.win32_1.0.100.202602081740/tools/bin/../lib/gcc/arm-none-eabi/14.3.1/../../../../arm-none-eabi/lib/thumb/v7-m/nofp\libc_nano.a(libc_a-findfp.o) (_fwalk_sglue)
C:/ST/STM32CubeIDE_2.1.1/STM32CubeIDE/plugins/com.st.stm32cube.ide.mcu.externaltools.gnu-tools-for-stm32.14.3.rel1.win32_1.0.100.202602081740/tools/bin/../lib/gcc/arm-none-eabi/14.3.1/../../../../arm-none-eabi/lib/thumb/v7-m/nofp\libc_nano.a(libc_a-stdio.o)
                              C:/ST/STM32CubeIDE_2.1.1/STM32CubeIDE/plugins/com.st.stm32cube.ide.mcu.externaltools.gnu-tools-for-stm32.14.3.rel1.win32_1.0.100.202602081740/tools/bin/../lib/gcc/arm-none-eabi/14.3.1/../../../../arm-none-eabi/lib/thumb/v7-m/nofp\libc_nano.a(libc_a-findfp.o) (__sread)
C:/ST/STM32CubeIDE_2.1.1/STM32CubeIDE/plugins/com.st.stm32cube.ide.mcu.externaltools.gnu-tools-for-stm32.14.3.rel1.win32_1.0.100.202602081740/tools/bin/../lib/gcc/arm-none-eabi/14.3.1/../../../../arm-none-eabi/lib/thumb/v7-m/nofp\libc_nano.a(libc_a-memset.o)
                              C:/ST/STM32CubeIDE_2.1.1/STM32CubeIDE/plugins/com.st.stm32cube.ide.mcu.externaltools.gnu-tools-for-stm32.14.3.rel1.win32_1.0.100.202602081740/tools/bin/../lib/gcc/arm-none-eabi/14.3.1/../../../../arm-none-eabi/lib/thumb/v7-m/nofp/crt0.o (memset)
C:/ST/STM32CubeIDE_2.1.1/STM32CubeIDE/plugins/com.st.stm32cube.ide.mcu.externaltools.gnu-tools-for-stm32.14.3.rel1.win32_1.0.100.202602081740/tools/bin/../lib/gcc/arm-none-eabi/14.3.1/../../../../arm-none-eabi/lib/thumb/v7-m/nofp\libc_nano.a(libc_a-closer.o)
                              C:/ST/STM32CubeIDE_2.1.1/STM32CubeIDE/plugins/com.st.stm32cube.ide.mcu.externaltools.gnu-tools-for-stm32.14.3.rel1.win32_1.0.100.202602081740/tools/bin/../lib/gcc/arm-none-eabi/14.3.1/../../../../arm-none-eabi/lib/thumb/v7-m/nofp\libc_nano.a(libc_a-stdio.o) (_close_r)
C:/ST/STM32CubeIDE_2.1.1/STM32CubeIDE/plugins/com.st.stm32cube.ide.mcu.externaltools.gnu-tools-for-stm32.14.3.rel1.win32_1.0.100.202602081740/tools/bin/../lib/gcc/arm-none-eabi/14.3.1/../../../../arm-none-eabi/lib/thumb/v7-m/nofp\libc_nano.a(libc_a-reent.o)
                              C:/ST/STM32CubeIDE_2.1.1/STM32CubeIDE/plugins/com.st.stm32cube.ide.mcu.externaltools.gnu-tools-for-stm32.14.3.rel1.win32_1.0.100.202602081740/tools/bin/../lib/gcc/arm-none-eabi/14.3.1/../../../../arm-none-eabi/lib/thumb/v7-m/nofp\libc_nano.a(libc_a-closer.o) (errno)
C:/ST/STM32CubeIDE_2.1.1/STM32CubeIDE/plugins/com.st.stm32cube.ide.mcu.externaltools.gnu-tools-for-stm32.14.3.rel1.win32_1.0.100.202602081740/tools/bin/../lib/gcc/arm-none-eabi/14.3.1/../../../../arm-none-eabi/lib/thumb/v7-m/nofp\libc_nano.a(libc_a-impure.o)
                              C:/ST/STM32CubeIDE_2.1.1/STM32CubeIDE/plugins/com.st.stm32cube.ide.mcu.externaltools.gnu-tools-for-stm32.14.3.rel1.win32_1.0.100.202602081740/tools/bin/../lib/gcc/arm-none-eabi/14.3.1/../../../../arm-none-eabi/lib/thumb/v7-m/nofp\libc_nano.a(libc_a-reent.o) (_impure_ptr)
C:/ST/STM32CubeIDE_2.1.1/STM32CubeIDE/plugins/com.st.stm32cube.ide.mcu.externaltools.gnu-tools-for-stm32.14.3.rel1.win32_1.0.100.202602081740/tools/bin/../lib/gcc/arm-none-eabi/14.3.1/../../../../arm-none-eabi/lib/thumb/v7-m/nofp\libc_nano.a(libc_a-lseekr.o)
[...]
Memory Configuration

Name             Origin             Length             Attributes
RAM              0x20000000         0x00005000         xrw
FLASH            0x08000000         0x00010000         xr
*default*        0x00000000         0xffffffff

Linker script and memory map

LOAD C:/ST/STM32CubeIDE_2.1.1/STM32CubeIDE/plugins/com.st.stm32cube.ide.mcu.externaltools.gnu-tools-for-stm32.14.3.rel1.win32_1.0.100.202602081740/tools/bin/../lib/gcc/arm-none-eabi/14.3.1/thumb/v7-m/nofp/crti.o
LOAD C:/ST/STM32CubeIDE_2.1.1/STM32CubeIDE/plugins/com.st.stm32cube.ide.mcu.externaltools.gnu-tools-for-stm32.14.3.rel1.win32_1.0.100.202602081740/tools/bin/../lib/gcc/arm-none-eabi/14.3.1/thumb/v7-m/nofp/crtbegin.o
LOAD C:/ST/STM32CubeIDE_2.1.1/STM32CubeIDE/plugins/com.st.stm32cube.ide.mcu.externaltools.gnu-tools-for-stm32.14.3.rel1.win32_1.0.100.202602081740/tools/bin/../lib/gcc/arm-none-eabi/14.3.1/../../../../arm-none-eabi/lib/thumb/v7-m/nofp/crt0.o
LOAD ./Core/Src/main.o
LOAD ./Core/Src/main_functions.o
LOAD ./Core/Src/rc522.o
LOAD ./Core/Src/rc522_module_driver.o
LOAD ./Core/Src/stm32f1xx_hal_msp.o
LOAD ./Core/Src/stm32f1xx_it.o
LOAD ./Core/Src/syscalls.o
LOAD ./Core/Src/sysmem.o
LOAD ./Core/Src/system_stm32f1xx.o
LOAD ./Core/Startup/startup_stm32f103c8tx.o
LOAD ./Drivers/STM32F1xx_HAL_Driver/Src/stm32f1xx_hal.o
LOAD ./Drivers/STM32F1xx_HAL_Driver/Src/stm32f1xx_hal_can.o
LOAD ./Drivers/STM32F1xx_HAL_Driver/Src/stm32f1xx_hal_cortex.o
LOAD ./Drivers/STM32F1xx_HAL_Driver/Src/stm32f1xx_hal_dma.o
LOAD ./Drivers/STM32F1xx_HAL_Driver/Src/stm32f1xx_hal_exti.o
LOAD ./Drivers/STM32F1xx_HAL_Driver/Src/stm32f1xx_hal_flash.o
LOAD ./Drivers/STM32F1xx_HAL_Driver/Src/stm32f1xx_hal_flash_ex.o
LOAD ./Drivers/STM32F1xx_HAL_Driver/Src/stm32f1xx_hal_gpio.o
LOAD ./Drivers/STM32F1xx_HAL_Driver/Src/stm32f1xx_hal_gpio_ex.o
LOAD ./Drivers/STM32F1xx_HAL_Driver/Src/stm32f1xx_hal_pwr.o
LOAD ./Drivers/STM32F1xx_HAL_Driver/Src/stm32f1xx_hal_rcc.o
LOAD ./Drivers/STM32F1xx_HAL_Driver/Src/stm32f1xx_hal_rcc_ex.o
LOAD ./Drivers/STM32F1xx_HAL_Driver/Src/stm32f1xx_hal_spi.o
START GROUP
LOAD C:/ST/STM32CubeIDE_2.1.1/STM32CubeIDE/plugins/com.st.stm32cube.ide.mcu.externaltools.gnu-tools-for-stm32.14.3.rel1.win32_1.0.100.202602081740/tools/bin/../lib/gcc/arm-none-eabi/14.3.1/../../../../arm-none-eabi/lib/thumb/v7-m/nofp\libc_nano.a
LOAD C:/ST/STM32CubeIDE_2.1.1/STM32CubeIDE/plugins/com.st.stm32cube.ide.mcu.externaltools.gnu-tools-for-stm32.14.3.rel1.win32_1.0.100.202602081740/tools/bin/../lib/gcc/arm-none-eabi/14.3.1/../../../../arm-none-eabi/lib/thumb/v7-m/nofp\libm.a
END GROUP
START GROUP
LOAD C:/ST/STM32CubeIDE_2.1.1/STM32CubeIDE/plugins/com.st.stm32cube.ide.mcu.externaltools.gnu-tools-for-stm32.14.3.rel1.win32_1.0.100.202602081740/tools/bin/../lib/gcc/arm-none-eabi/14.3.1/thumb/v7-m/nofp\libgcc.a
LOAD C:/ST/STM32CubeIDE_2.1.1/STM32CubeIDE/plugins/com.st.stm32cube.ide.mcu.externaltools.gnu-tools-for-stm32.14.3.rel1.win32_1.0.100.202602081740/tools/bin/../lib/gcc/arm-none-eabi/14.3.1/../../../../arm-none-eabi/lib/thumb/v7-m/nofp\libc_nano.a
END GROUP
START GROUP
LOAD C:/ST/STM32CubeIDE_2.1.1/STM32CubeIDE/plugins/com.st.stm32cube.ide.mcu.externaltools.gnu-tools-for-stm32.14.3.rel1.win32_1.0.100.202602081740/tools/bin/../lib/gcc/arm-none-eabi/14.3.1/thumb/v7-m/nofp\libgcc.a
LOAD C:/ST/STM32CubeIDE_2.1.1/STM32CubeIDE/plugins/com.st.stm32cube.ide.mcu.externaltools.gnu-tools-for-stm32.14.3.rel1.win32_1.0.100.202602081740/tools/bin/../lib/gcc/arm-none-eabi/14.3.1/../../../../arm-none-eabi/lib/thumb/v7-m/nofp\libc_nano.a
LOAD C:/ST/STM32CubeIDE_2.1.1/STM32CubeIDE/plugins/com.st.stm32cube.ide.mcu.externaltools.gnu-tools-for-stm32.14.3.rel1.win32_1.0.100.202602081740/tools/bin/../lib/gcc/arm-none-eabi/14.3.1/../../../../arm-none-eabi/lib/thumb/v7-m/nofp\libnosys.a
END GROUP
START GROUP
LOAD C:/ST/STM32CubeIDE_2.1.1/STM32CubeIDE/plugins/com.st.stm32cube.ide.mcu.externaltools.gnu-tools-for-stm32.14.3.rel1.win32_1.0.100.202602081740/tools/bin/../lib/gcc/arm-none-eabi/14.3.1/thumb/v7-m/nofp\libgcc.a
LOAD C:/ST/STM32CubeIDE_2.1.1/STM32CubeIDE/plugins/com.st.stm32cube.ide.mcu.externaltools.gnu-tools-for-stm32.14.3.rel1.win32_1.0.100.202602081740/tools/bin/../lib/gcc/arm-none-eabi/14.3.1/../../../../arm-none-eabi/lib/thumb/v7-m/nofp\libc_nano.a
LOAD C:/ST/STM32CubeIDE_2.1.1/STM32CubeIDE/plugins/com.st.stm32cube.ide.mcu.externaltools.gnu-tools-for-stm32.14.3.rel1.win32_1.0.100.202602081740/tools/bin/../lib/gcc/arm-none-eabi/14.3.1/../../../../arm-none-eabi/lib/thumb/v7-m/nofp\libnosys.a
END GROUP
LOAD C:/ST/STM32CubeIDE_2.1.1/STM32CubeIDE/plugins/com.st.stm32cube.ide.mcu.externaltools.gnu-tools-for-stm32.14.3.rel1.win32_1.0.100.202602081740/tools/bin/../lib/gcc/arm-none-eabi/14.3.1/thumb/v7-m/nofp/crtend.o
LOAD C:/ST/STM32CubeIDE_2.1.1/STM32CubeIDE/plugins/com.st.stm32cube.ide.mcu.externaltools.gnu-tools-for-stm32.14.3.rel1.win32_1.0.100.202602081740/tools/bin/../lib/gcc/arm-none-eabi/14.3.1/thumb/v7-m/nofp/crtn.o
                0x20005000                        _estack = (ORIGIN (RAM) + LENGTH (RAM))
                0x00000200                        _Min_Heap_Size = 0x200
                0x00000400                        _Min_Stack_Size = 0x400

.isr_vector     0x08000000      0x10c
                0x08000000                        . = ALIGN (0x4)
 *(.isr_vector)
 .isr_vector    0x08000000      0x10c ./Core/Startup/startup_stm32f103c8tx.o
                0x08000000                g_pfnVectors
                0x0800010c                        . = ALIGN (0x4)

.text           0x0800010c     0x2c34
                0x0800010c                        . = ALIGN (0x4)
 *(.text)
 .text          0x0800010c       0x40 C:/ST/STM32CubeIDE_2.1.1/STM32CubeIDE/plugins/com.st.stm32cube.ide.mcu.externaltools.gnu-tools-for-stm32.14.3.rel1.win32_1.0.100.202602081740/tools/bin/../lib/gcc/arm-none-eabi/14.3.1/thumb/v7-m/nofp/crtbegin.o
 *(.text*)
 .text.main     0x0800014c       0x98 ./Core/Src/main.o
                0x0800014c                main
 .text.SystemClock_Config
                0x080001e4       0x82 ./Core/Src/main.o
                0x080001e4                SystemClock_Config
 *fill*         0x08000266        0x2 
 .text.MX_CAN_Init
                0x08000268       0x6c ./Core/Src/main.o
 .text.MX_SPI1_Init
                0x080002d4       0x6c ./Core/Src/main.o
 .text.MX_GPIO_Init
                0x08000340      0x10c ./Core/Src/main.o
 .text.Error_Handler
                0x0800044c        0xc ./Core/Src/main.o
                0x0800044c                Error_Handler
 .text.CAN_Init
                0x08000458       0x58 ./Core/Src/main_functions.o
                0x08000458                CAN_Init
 .text.CAN_Transmit_Message
                0x080004b0       0x8c ./Core/Src/main_functions.o
                0x080004b0                CAN_Transmit_Message
 .text.Reader_Manage_KeepAlive
                0x0800053c       0x50 ./Core/Src/main_functions.o
                0x0800053c                Reader_Manage_KeepAlive
 .text.Reader_Manage_RFID
                0x0800058c       0x28 ./Core/Src/main_functions.o
                0x0800058c                Reader_Manage_RFID
 .text.MFRC522_ReadRegister
                0x080005b4       0x68 ./Core/Src/rc522_module_driver.o
                0x080005b4                MFRC522_ReadRegister
 .text.MFRC522_WriteRegister
                0x0800061c       0x5c ./Core/Src/rc522_module_driver.o
                0x0800061c                MFRC522_WriteRegister
 .text.MFRC522_AntennaON
                0x08000678       0x2a ./Core/Src/rc522_module_driver.o
                0x08000678                MFRC522_AntennaON
 *fill*         0x080006a2        0x2 
 .text.MFRC522_Init
                0x080006a4       0x84 ./Core/Src/rc522_module_driver.o
                0x080006a4                MFRC522_Init
 .text.MFRC522_ToCard
                0x08000728      0x19a ./Core/Src/rc522_module_driver.o
                0x08000728                MFRC522_ToCard
 .text.MFRC522_Request
                0x080008c2       0x4a ./Core/Src/rc522_module_driver.o
                0x080008c2                MFRC522_Request
 .text.MFRC522_Anticoll
                0x0800090c       0x74 ./Core/Src/rc522_module_driver.o
                0x0800090c                MFRC522_Anticoll
 .text.HAL_MspInit
                0x08000980       0x64 ./Core/Src/stm32f1xx_hal_msp.o
                0x08000980                HAL_MspInit
 .text.HAL_CAN_MspInit
                0x080009e4       0xd0 ./Core/Src/stm32f1xx_hal_msp.o
                0x080009e4                HAL_CAN_MspInit
 .text.HAL_SPI_MspInit
                0x08000ab4       0x94 ./Core/Src/stm32f1xx_hal_msp.o
                0x08000ab4                HAL_SPI_MspInit
 .text.NMI_Handler
                0x08000b48        0x8 ./Core/Src/stm32f1xx_it.o
                0x08000b48                NMI_Handler
 .text.HardFault_Handler
                0x08000b50        0x8 ./Core/Src/stm32f1xx_it.o
                0x08000b50                HardFault_Handler
 .text.MemManage_Handler
                0x08000b58        0x8 ./Core/Src/stm32f1xx_it.o
                0x08000b58                MemManage_Handler
 .text.BusFault_Handler
                0x08000b60        0x8 ./Core/Src/stm32f1xx_it.o
                0x08000b60                BusFault_Handler
 .text.UsageFault_Handler
                0x08000b68        0x8 ./Core/Src/stm32f1xx_it.o
                0x08000b68                UsageFault_Handler
 .text.SVC_Handler
                0x08000b70        0xc ./Core/Src/stm32f1xx_it.o
                0x08000b70                SVC_Handler
 .text.DebugMon_Handler
                0x08000b7c        0xc ./Core/Src/stm32f1xx_it.o
                0x08000b7c                DebugMon_Handler
 .text.PendSV_Handler
                0x08000b88        0xc ./Core/Src/stm32f1xx_it.o
                0x08000b88                PendSV_Handler
 .text.SysTick_Handler
                0x08000b94        0xc ./Core/Src/stm32f1xx_it.o
                0x08000b94                SysTick_Handler
 .text.USB_LP_CAN1_RX0_IRQHandler
                0x08000ba0       0x14 ./Core/Src/stm32f1xx_it.o
                0x08000ba0                USB_LP_CAN1_RX0_IRQHandler
 .text.SystemInit
                0x08000bb4        0xc ./Core/Src/system_stm32f1xx.o
                0x08000bb4                SystemInit
 .text.Reset_Handler
                0x08000bc0       0x48 ./Core/Startup/startup_stm32f103c8tx.o
                0x08000bc0                Reset_Handler
 .text.Default_Handler
                0x08000c08        0x2 ./Core/Startup/startup_stm32f103c8tx.o
                0x08000c08                RTC_Alarm_IRQHandler
                0x08000c08                EXTI2_IRQHandler
                0x08000c08                TIM1_CC_IRQHandler
                0x08000c08                PVD_IRQHandler
                0x08000c08                EXTI3_IRQHandler
                0x08000c08                EXTI0_IRQHandler
                0x08000c08                I2C2_EV_IRQHandler
                0x08000c08                ADC1_2_IRQHandler
                0x08000c08                SPI1_IRQHandler
                0x08000c08                TAMPER_IRQHandler
                0x08000c08                DMA1_Channel4_IRQHandler
                0x08000c08                USART3_IRQHandler
                0x08000c08                RTC_IRQHandler
                0x08000c08                DMA1_Channel7_IRQHandler
                0x08000c08                CAN1_RX1_IRQHandler
                0x08000c08                TIM4_IRQHandler
                0x08000c08                I2C1_EV_IRQHandler
                0x08000c08                DMA1_Channel6_IRQHandler
                0x08000c08                TIM3_IRQHandler
                0x08000c08                RCC_IRQHandler
                0x08000c08                TIM1_TRG_COM_IRQHandler
                0x08000c08                DMA1_Channel1_IRQHandler
                0x08000c08                Default_Handler
                0x08000c08                EXTI15_10_IRQHandler
                0x08000c08                EXTI9_5_IRQHandler
                0x08000c08                SPI2_IRQHandler
                0x08000c08                DMA1_Channel5_IRQHandler
                0x08000c08                EXTI4_IRQHandler
                0x08000c08                USB_HP_CAN1_TX_IRQHandler
                0x08000c08                DMA1_Channel3_IRQHandler
                0x08000c08                TIM1_UP_IRQHandler
                0x08000c08                WWDG_IRQHandler
                0x08000c08                TIM2_IRQHandler
                0x08000c08                TIM1_BRK_IRQHandler
                0x08000c08                EXTI1_IRQHandler
                0x08000c08                USART2_IRQHandler
                0x08000c08                I2C2_ER_IRQHandler
                0x08000c08                DMA1_Channel2_IRQHandler
                0x08000c08                CAN1_SCE_IRQHandler
                0x08000c08                FLASH_IRQHandler
                0x08000c08                USART1_IRQHandler
                0x08000c08                I2C1_ER_IRQHandler
                0x08000c08                USBWakeUp_IRQHandler
 *fill*         0x08000c0a        0x2 
 .text.HAL_Init
                0x08000c0c       0x2c ./Drivers/STM32F1xx_HAL_Driver/Src/stm32f1xx_hal.o
                0x08000c0c                HAL_Init
 .text.HAL_InitTick
                0x08000c38       0x60 ./Drivers/STM32F1xx_HAL_Driver/Src/stm32f1xx_hal.o
                0x08000c38                HAL_InitTick
 .text.HAL_IncTick
                0x08000c98       0x24 ./Drivers/STM32F1xx_HAL_Driver/Src/stm32f1xx_hal.o
                0x08000c98                HAL_IncTick
 .text.HAL_GetTick
                0x08000cbc       0x14 ./Drivers/STM32F1xx_HAL_Driver/Src/stm32f1xx_hal.o
                0x08000cbc                HAL_GetTick
 .text.HAL_Delay
                0x08000cd0       0x48 ./Drivers/STM32F1xx_HAL_Driver/Src/stm32f1xx_hal.o
                0x08000cd0                HAL_Delay
 .text.HAL_CAN_Init
                0x08000d18      0x1f6 ./Drivers/STM32F1xx_HAL_Driver/Src/stm32f1xx_hal_can.o
                0x08000d18                HAL_CAN_Init
 .text.HAL_CAN_ConfigFilter
                0x08000f0e      0x192 ./Drivers/STM32F1xx_HAL_Driver/Src/stm32f1xx_hal_can.o
                0x08000f0e                HAL_CAN_ConfigFilter
 .text.HAL_CAN_Start
                0x080010a0       0x88 ./Drivers/STM32F1xx_HAL_Driver/Src/stm32f1xx_hal_can.o
                0x080010a0                HAL_CAN_Start
 .text.HAL_CAN_AddTxMessage
                0x08001128      0x19e ./Drivers/STM32F1xx_HAL_Driver/Src/stm32f1xx_hal_can.o
                0x08001128                HAL_CAN_AddTxMessage
 .text.HAL_CAN_ActivateNotification
                0x080012c6       0x4a ./Drivers/STM32F1xx_HAL_Driver/Src/stm32f1xx_hal_can.o
                0x080012c6                HAL_CAN_ActivateNotification
 .text.HAL_CAN_IRQHandler
                0x08001310      0x36e ./Drivers/STM32F1xx_HAL_Driver/Src/stm32f1xx_hal_can.o
                0x08001310                HAL_CAN_IRQHandler
 .text.HAL_CAN_TxMailbox0CompleteCallback
                0x0800167e       0x12 ./Drivers/STM32F1xx_HAL_Driver/Src/stm32f1xx_hal_can.o
                0x0800167e                HAL_CAN_TxMailbox0CompleteCallback
 .text.HAL_CAN_TxMailbox1CompleteCallback
                0x08001690       0x12 ./Drivers/STM32F1xx_HAL_Driver/Src/stm32f1xx_hal_can.o
                0x08001690                HAL_CAN_TxMailbox1CompleteCallback
 .text.HAL_CAN_TxMailbox2CompleteCallback
                0x080016a2       0x12 ./Drivers/STM32F1xx_HAL_Driver/Src/stm32f1xx_hal_can.o
                0x080016a2                HAL_CAN_TxMailbox2CompleteCallback
 .text.HAL_CAN_TxMailbox0AbortCallback
                0x080016b4       0x12 ./Drivers/STM32F1xx_HAL_Driver/Src/stm32f1xx_hal_can.o
                0x080016b4                HAL_CAN_TxMailbox0AbortCallback
 .text.HAL_CAN_TxMailbox1AbortCallback
                0x080016c6       0x12 ./Drivers/STM32F1xx_HAL_Driver/Src/stm32f1xx_hal_can.o
                0x080016c6                HAL_CAN_TxMailbox1AbortCallback
 .text.HAL_CAN_TxMailbox2AbortCallback
                0x080016d8       0x12 ./Drivers/STM32F1xx_HAL_Driver/Src/stm32f1xx_hal_can.o
                0x080016d8                HAL_CAN_TxMailbox2AbortCallback
 .text.HAL_CAN_RxFifo0MsgPendingCallback
                0x080016ea       0x12 ./Drivers/STM32F1xx_HAL_Driver/Src/stm32f1xx_hal_can.o
                0x080016ea                HAL_CAN_RxFifo0MsgPendingCallback
 .text.HAL_CAN_RxFifo0FullCallback
                0x080016fc       0x12 ./Drivers/STM32F1xx_HAL_Driver/Src/stm32f1xx_hal_can.o
                0x080016fc                HAL_CAN_RxFifo0FullCallback
 .text.HAL_CAN_RxFifo1MsgPendingCallback
                0x0800170e       0x12 ./Drivers/STM32F1xx_HAL_Driver/Src/stm32f1xx_hal_can.o
                0x0800170e                HAL_CAN_RxFifo1MsgPendingCallback
 .text.HAL_CAN_RxFifo1FullCallback
                0x08001720       0x12 ./Drivers/STM32F1xx_HAL_Driver/Src/stm32f1xx_hal_can.o
                0x08001720                HAL_CAN_RxFifo1FullCallback
 .text.HAL_CAN_SleepCallback
                0x08001732       0x12 ./Drivers/STM32F1xx_HAL_Driver/Src/stm32f1xx_hal_can.o
                0x08001732                HAL_CAN_SleepCallback
 .text.HAL_CAN_WakeUpFromRxMsgCallback
                0x08001744       0x12 ./Drivers/STM32F1xx_HAL_Driver/Src/stm32f1xx_hal_can.o
                0x08001744                HAL_CAN_WakeUpFromRxMsgCallback
 .text.HAL_CAN_ErrorCallback
                0x08001756       0x12 ./Drivers/STM32F1xx_HAL_Driver/Src/stm32f1xx_hal_can.o
                0x08001756                HAL_CAN_ErrorCallback
 .text.__NVIC_SetPriorityGrouping
                0x08001768       0x48 ./Drivers/STM32F1xx_HAL_Driver/Src/stm32f1xx_hal_cortex.o
 .text.__NVIC_GetPriorityGrouping
                0x080017b0       0x1c ./Drivers/STM32F1xx_HAL_Driver/Src/stm32f1xx_hal_cortex.o
 .text.__NVIC_EnableIRQ
                0x080017cc       0x38 ./Drivers/STM32F1xx_HAL_Driver/Src/stm32f1xx_hal_cortex.o
 .text.__NVIC_SetPriority
                0x08001804       0x54 ./Drivers/STM32F1xx_HAL_Driver/Src/stm32f1xx_hal_cortex.o
 .text.NVIC_EncodePriority
                0x08001858       0x64 ./Drivers/STM32F1xx_HAL_Driver/Src/stm32f1xx_hal_cortex.o
 .text.SysTick_Config
                0x080018bc       0x44 ./Drivers/STM32F1xx_HAL_Driver/Src/stm32f1xx_hal_cortex.o
 .text.HAL_NVIC_SetPriorityGrouping
                0x08001900       0x16 ./Drivers/STM32F1xx_HAL_Driver/Src/stm32f1xx_hal_cortex.o
                0x08001900                HAL_NVIC_SetPriorityGrouping
 .text.HAL_NVIC_SetPriority
                0x08001916       0x38 ./Drivers/STM32F1xx_HAL_Driver/Src/stm32f1xx_hal_cortex.o
                0x08001916                HAL_NVIC_SetPriority
 .text.HAL_NVIC_EnableIRQ
                0x0800194e       0x1c ./Drivers/STM32F1xx_HAL_Driver/Src/stm32f1xx_hal_cortex.o
                0x0800194e                HAL_NVIC_EnableIRQ
 .text.HAL_SYSTICK_Config
                0x0800196a       0x18 ./Drivers/STM32F1xx_HAL_Driver/Src/stm32f1xx_hal_cortex.o
                0x0800196a                HAL_SYSTICK_Config
 *fill*         0x08001982        0x2 
 .text.HAL_GPIO_Init
                0x08001984      0x308 ./Drivers/STM32F1xx_HAL_Driver/Src/stm32f1xx_hal_gpio.o
                0x08001984                HAL_GPIO_Init
 .text.HAL_GPIO_WritePin
                0x08001c8c       0x30 ./Drivers/STM32F1xx_HAL_Driver/Src/stm32f1xx_hal_gpio.o
                0x08001c8c                HAL_GPIO_WritePin
 .text.HAL_RCC_OscConfig
                0x08001cbc      0x504 ./Drivers/STM32F1xx_HAL_Driver/Src/stm32f1xx_hal_rcc.o
                0x08001cbc                HAL_RCC_OscConfig
 .text.HAL_RCC_ClockConfig
                0x080021c0      0x1d4 ./Drivers/STM32F1xx_HAL_Driver/Src/stm32f1xx_hal_rcc.o
                0x080021c0                HAL_RCC_ClockConfig
 .text.HAL_RCC_GetSysClockFreq
                0x08002394       0xa8 ./Drivers/STM32F1xx_HAL_Driver/Src/stm32f1xx_hal_rcc.o
                0x08002394                HAL_RCC_GetSysClockFreq
 .text.RCC_Delay
                0x0800243c       0x3c ./Drivers/STM32F1xx_HAL_Driver/Src/stm32f1xx_hal_rcc.o
 .text.HAL_SPI_Init
                0x08002478      0x108 ./Drivers/STM32F1xx_HAL_Driver/Src/stm32f1xx_hal_spi.o
                0x08002478                HAL_SPI_Init
 .text.HAL_SPI_Transmit
                0x08002580      0x288 ./Drivers/STM32F1xx_HAL_Driver/Src/stm32f1xx_hal_spi.o
                0x08002580                HAL_SPI_Transmit
 .text.HAL_SPI_TransmitReceive
                0x08002808      0x352 ./Drivers/STM32F1xx_HAL_Driver/Src/stm32f1xx_hal_spi.o
                0x08002808                HAL_SPI_TransmitReceive
 *fill*         0x08002b5a        0x2 
 .text.SPI_WaitFlagStateUntilTimeout
                0x08002b5c      0x110 ./Drivers/STM32F1xx_HAL_Driver/Src/stm32f1xx_hal_spi.o
 .text.SPI_EndRxTxTransaction
                0x08002c6c       0x62 ./Drivers/STM32F1xx_HAL_Driver/Src/stm32f1xx_hal_spi.o
 .text.memset   0x08002cce       0x10 C:/ST/STM32CubeIDE_2.1.1/STM32CubeIDE/plugins/com.st.stm32cube.ide.mcu.externaltools.gnu-tools-for-stm32.14.3.rel1.win32_1.0.100.202602081740/tools/bin/../lib/gcc/arm-none-eabi/14.3.1/../../../../arm-none-eabi/lib/thumb/v7-m/nofp\libc_nano.a(libc_a-memset.o)
                0x08002cce                memset
 *fill*         0x08002cde        0x2 
 .text.__libc_init_array
                0x08002ce0       0x48 C:/ST/STM32CubeIDE_2.1.1/STM32CubeIDE/plugins/com.st.stm32cube.ide.mcu.externaltools.gnu-tools-for-stm32.14.3.rel1.win32_1.0.100.202602081740/tools/bin/../lib/gcc/arm-none-eabi/14.3.1/../../../../arm-none-eabi/lib/thumb/v7-m/nofp\libc_nano.a(libc_a-init.o)
                0x08002ce0                __libc_init_array
 *(.glue_7)
 .glue_7        0x08002d28        0x0 linker stubs
 *(.glue_7t)
 .glue_7t       0x08002d28        0x0 linker stubs
 *(.eh_frame)
 .eh_frame      0x08002d28        0x0 C:/ST/STM32CubeIDE_2.1.1/STM32CubeIDE/plugins/com.st.stm32cube.ide.mcu.externaltools.gnu-tools-for-stm32.14.3.rel1.win32_1.0.100.202602081740/tools/bin/../lib/gcc/arm-none-eabi/14.3.1/thumb/v7-m/nofp/crtbegin.o
 *(.init)
 .init          0x08002d28        0x4 C:/ST/STM32CubeIDE_2.1.1/STM32CubeIDE/plugins/com.st.stm32cube.ide.mcu.externaltools.gnu-tools-for-stm32.14.3.rel1.win32_1.0.100.202602081740/tools/bin/../lib/gcc/arm-none-eabi/14.3.1/thumb/v7-m/nofp/crti.o
                0x08002d28                _init
 .init          0x08002d2c        0x8 C:/ST/STM32CubeIDE_2.1.1/STM32CubeIDE/plugins/com.st.stm32cube.ide.mcu.externaltools.gnu-tools-for-stm32.14.3.rel1.win32_1.0.100.202602081740/tools/bin/../lib/gcc/arm-none-eabi/14.3.1/thumb/v7-m/nofp/crtn.o
 *(.fini)
 .fini          0x08002d34        0x4 C:/ST/STM32CubeIDE_2.1.1/STM32CubeIDE/plugins/com.st.stm32cube.ide.mcu.externaltools.gnu-tools-for-stm32.14.3.rel1.win32_1.0.100.202602081740/tools/bin/../lib/gcc/arm-none-eabi/14.3.1/thumb/v7-m/nofp/crti.o
                0x08002d34                _fini
 .fini          0x08002d38        0x8 C:/ST/STM32CubeIDE_2.1.1/STM32CubeIDE/plugins/com.st.stm32cube.ide.mcu.externaltools.gnu-tools-for-stm32.14.3.rel1.win32_1.0.100.202602081740/tools/bin/../lib/gcc/arm-none-eabi/14.3.1/thumb/v7-m/nofp/crtn.o
                0x08002d40                        . = ALIGN (0x4)
                0x08002d40                        _etext = .

.vfp11_veneer   0x08002d40        0x0
 .vfp11_veneer  0x08002d40        0x0 linker stubs

.v4_bx          0x08002d40        0x0
 .v4_bx         0x08002d40        0x0 linker stubs

.iplt           0x08002d40        0x0
 .iplt          0x08002d40        0x0 C:/ST/STM32CubeIDE_2.1.1/STM32CubeIDE/plugins/com.st.stm32cube.ide.mcu.externaltools.gnu-tools-for-stm32.14.3.rel1.win32_1.0.100.202602081740/tools/bin/../lib/gcc/arm-none-eabi/14.3.1/thumb/v7-m/nofp/crtbegin.o

.rodata         0x08002d40       0x24
                0x08002d40                        . = ALIGN (0x4)
 *(.rodata)
 *(.rodata*)
 .rodata.AHBPrescTable
                0x08002d40       0x10 ./Core/Src/system_stm32f1xx.o
                0x08002d40                AHBPrescTable
 .rodata.aPLLMULFactorTable.1
                0x08002d50       0x10 ./Drivers/STM32F1xx_HAL_Driver/Src/stm32f1xx_hal_rcc.o
 .rodata.aPredivFactorTable.0
                0x08002d60        0x2 ./Drivers/STM32F1xx_HAL_Driver/Src/stm32f1xx_hal_rcc.o
                0x08002d64                        . = ALIGN (0x4)
 *fill*         0x08002d62        0x2 

.ARM.extab      0x08002d64        0x0
                0x08002d64                        . = ALIGN (0x4)
 *(.ARM.extab* .gnu.linkonce.armextab.*)
                0x08002d64                        . = ALIGN (0x4)

.ARM            0x08002d64        0x0
                0x08002d64                        . = ALIGN (0x4)
                0x08002d64                        __exidx_start = .
 *(.ARM.exidx*)
                0x08002d64                        __exidx_end = .
                0x08002d64                        . = ALIGN (0x4)

.preinit_array  0x08002d64        0x0
                0x08002d64                        . = ALIGN (0x4)
                0x08002d64                        PROVIDE (__preinit_array_start = .)
 *(.preinit_array*)
                0x08002d64                        PROVIDE (__preinit_array_end = .)
                0x08002d64                        . = ALIGN (0x4)

.init_array     0x08002d64        0x4
                0x08002d64                        . = ALIGN (0x4)
                0x08002d64                        PROVIDE (__init_array_start = .)
 *(SORT_BY_NAME(.init_array.*))
 *(.init_array*)
 .init_array    0x08002d64        0x4 C:/ST/STM32CubeIDE_2.1.1/STM32CubeIDE/plugins/com.st.stm32cube.ide.mcu.externaltools.gnu-tools-for-stm32.14.3.rel1.win32_1.0.100.202602081740/tools/bin/../lib/gcc/arm-none-eabi/14.3.1/thumb/v7-m/nofp/crtbegin.o
                0x08002d68                        PROVIDE (__init_array_end = .)
                0x08002d68                        . = ALIGN (0x4)

.fini_array     0x08002d68        0x4
                0x08002d68                        . = ALIGN (0x4)
                [!provide]                        PROVIDE (__fini_array_start = .)
 *(SORT_BY_NAME(.fini_array.*))
 *(.fini_array*)
 .fini_array    0x08002d68        0x4 C:/ST/STM32CubeIDE_2.1.1/STM32CubeIDE/plugins/com.st.stm32cube.ide.mcu.externaltools.gnu-tools-for-stm32.14.3.rel1.win32_1.0.100.202602081740/tools/bin/../lib/gcc/arm-none-eabi/14.3.1/thumb/v7-m/nofp/crtbegin.o
                [!provide]                        PROVIDE (__fini_array_end = .)
                0x08002d6c                        . = ALIGN (0x4)
                0x08002d6c                        _sidata = LOADADDR (.data)

.rel.dyn        0x08002d6c        0x0
 .rel.iplt      0x08002d6c        0x0 C:/ST/STM32CubeIDE_2.1.1/STM32CubeIDE/plugins/com.st.stm32cube.ide.mcu.externaltools.gnu-tools-for-stm32.14.3.rel1.win32_1.0.100.202602081740/tools/bin/../lib/gcc/arm-none-eabi/14.3.1/thumb/v7-m/nofp/crtbegin.o

.data           0x20000000        0xc load address 0x08002d6c
                0x20000000                        . = ALIGN (0x4)
                0x20000000                        _sdata = .
 *(.data)
 *(.data*)
 .data.SystemCoreClock
                0x20000000        0x4 ./Core/Src/system_stm32f1xx.o
                0x20000000                SystemCoreClock
 .data.uwTickPrio
                0x20000004        0x4 ./Drivers/STM32F1xx_HAL_Driver/Src/stm32f1xx_hal.o
                0x20000004                uwTickPrio
 .data.uwTickFreq
                0x20000008        0x1 ./Drivers/STM32F1xx_HAL_Driver/Src/stm32f1xx_hal.o
                0x20000008                uwTickFreq
 *(.RamFunc)
 *(.RamFunc*)
                0x2000000c                        . = ALIGN (0x4)
 *fill*         0x20000009        0x3 
                0x2000000c                        _edata = .

.igot.plt       0x2000000c        0x0 load address 0x08002d78
 .igot.plt      0x2000000c        0x0 C:/ST/STM32CubeIDE_2.1.1/STM32CubeIDE/plugins/com.st.stm32cube.ide.mcu.externaltools.gnu-tools-for-stm32.14.3.rel1.win32_1.0.100.202602081740/tools/bin/../lib/gcc/arm-none-eabi/14.3.1/thumb/v7-m/nofp/crtbegin.o
                0x2000000c                        . = ALIGN (0x4)

.bss            0x2000000c       0xb8 load address 0x08002d78
                0x2000000c                        _sbss = .
                0x2000000c                        __bss_start__ = _sbss
 *(.bss)
 .bss           0x2000000c       0x1c C:/ST/STM32CubeIDE_2.1.1/STM32CubeIDE/plugins/com.st.stm32cube.ide.mcu.externaltools.gnu-tools-for-stm32.14.3.rel1.win32_1.0.100.202602081740/tools/bin/../lib/gcc/arm-none-eabi/14.3.1/thumb/v7-m/nofp/crtbegin.o
 *(.bss*)
 .bss.hcan      0x20000028       0x28 ./Core/Src/main.o
                0x20000028                hcan
 .bss.hspi1     0x20000050       0x58 ./Core/Src/main.o
                0x20000050                hspi1
 .bss.rfid_version
                0x200000a8        0x1 ./Core/Src/main.o
                0x200000a8                rfid_version
 .bss.rfid_status
                0x200000a9        0x1 ./Core/Src/main.o
                0x200000a9                rfid_status
 *fill*         0x200000aa        0x2 
 .bss.card_type
                0x200000ac        0x2 ./Core/Src/main.o
                0x200000ac                card_type
 *fill*         0x200000ae        0x2 
 .bss.card_uid  0x200000b0        0x5 ./Core/Src/main.o
                0x200000b0                card_uid
 *fill*         0x200000b5        0x3 
 .bss.last_keepalive_tick
                0x200000b8        0x4 ./Core/Src/main_functions.o
 .bss.card_type
                0x200000bc        0x2 ./Core/Src/main_functions.o
 .bss.rfid_status
                0x200000be        0x1 ./Core/Src/main_functions.o
 *fill*         0x200000bf        0x1 
 .bss.uwTick    0x200000c0        0x4 ./Drivers/STM32F1xx_HAL_Driver/Src/stm32f1xx_hal.o
                0x200000c0                uwTick
 *(COMMON)
                0x200000c4                        . = ALIGN (0x4)
                0x200000c4                        _ebss = .
                0x200000c4                        __bss_end__ = _ebss

._user_heap_stack
                0x200000c4      0x604 load address 0x08002d78
                0x200000c8                        . = ALIGN (0x8)
 *fill*         0x200000c4        0x4 
                [!provide]                        PROVIDE (end = .)
                0x200000c8                        PROVIDE (_end = .)
                0x200002c8                        . = (. + _Min_Heap_Size)
 *fill*         0x200000c8      0x200 
                0x200006c8                        . = (. + _Min_Stack_Size)
 *fill*         0x200002c8      0x400 
                0x200006c8                        . = ALIGN (0x8)

/DISCARD/
 libc.a(*)
 libm.a(*)
 libgcc.a(*)

.ARM.attributes
                0x00000000       0x29
 *(.ARM.attributes)
 .ARM.attributes
                0x00000000       0x1d C:/ST/STM32CubeIDE_2.1.1/STM32CubeIDE/plugins/com.st.stm32cube.ide.mcu.externaltools.gnu-tools-for-stm32.14.3.rel1.win32_1.0.100.202602081740/tools/bin/../lib/gcc/arm-none-eabi/14.3.1/thumb/v7-m/nofp/crti.o
 .ARM.attributes
                0x0000001d       0x2d C:/ST/STM32CubeIDE_2.1.1/STM32CubeIDE/plugins/com.st.stm32cube.ide.mcu.externaltools.gnu-tools-for-stm32.14.3.rel1.win32_1.0.100.202602081740/tools/bin/../lib/gcc/arm-none-eabi/14.3.1/thumb/v7-m/nofp/crtbegin.o
 .ARM.attributes
                0x0000004a       0x2d ./Core/Src/main.o
 .ARM.attributes
                0x00000077       0x2d ./Core/Src/main_functions.o
 .ARM.attributes
                0x000000a4       0x2d ./Core/Src/rc522_module_driver.o
 .ARM.attributes
                0x000000d1       0x2d ./Core/Src/stm32f1xx_hal_msp.o
 .ARM.attributes
                0x000000fe       0x2d ./Core/Src/stm32f1xx_it.o
 .ARM.attributes
                0x0000012b       0x2d ./Core/Src/system_stm32f1xx.o
 .ARM.attributes
                0x00000158       0x21 ./Core/Startup/startup_stm32f103c8tx.o
 .ARM.attributes
                0x00000179       0x2d ./Drivers/STM32F1xx_HAL_Driver/Src/stm32f1xx_hal.o
 .ARM.attributes
                0x000001a6       0x2d ./Drivers/STM32F1xx_HAL_Driver/Src/stm32f1xx_hal_can.o
 .ARM.attributes
                0x000001d3       0x2d ./Drivers/STM32F1xx_HAL_Driver/Src/stm32f1xx_hal_cortex.o
 .ARM.attributes
                0x00000200       0x2d ./Drivers/STM32F1xx_HAL_Driver/Src/stm32f1xx_hal_gpio.o
 .ARM.attributes
                0x0000022d       0x2d ./Drivers/STM32F1xx_HAL_Driver/Src/stm32f1xx_hal_rcc.o
 .ARM.attributes
                0x0000025a       0x2d ./Drivers/STM32F1xx_HAL_Driver/Src/stm32f1xx_hal_spi.o
 .ARM.attributes
                0x00000287       0x2d C:/ST/STM32CubeIDE_2.1.1/STM32CubeIDE/plugins/com.st.stm32cube.ide.mcu.externaltools.gnu-tools-for-stm32.14.3.rel1.win32_1.0.100.202602081740/tools/bin/../lib/gcc/arm-none-eabi/14.3.1/../../../../arm-none-eabi/lib/thumb/v7-m/nofp\libc_nano.a(libc_a-memset.o)
 .ARM.attributes
                0x000002b4       0x2d C:/ST/STM32CubeIDE_2.1.1/STM32CubeIDE/plugins/com.st.stm32cube.ide.mcu.externaltools.gnu-tools-for-stm32.14.3.rel1.win32_1.0.100.202602081740/tools/bin/../lib/gcc/arm-none-eabi/14.3.1/../../../../arm-none-eabi/lib/thumb/v7-m/nofp\libc_nano.a(libc_a-init.o)
 .ARM.attributes
                0x000002e1       0x1d C:/ST/STM32CubeIDE_2.1.1/STM32CubeIDE/plugins/com.st.stm32cube.ide.mcu.externaltools.gnu-tools-for-stm32.14.3.rel1.win32_1.0.100.202602081740/tools/bin/../lib/gcc/arm-none-eabi/14.3.1/thumb/v7-m/nofp/crtn.o
OUTPUT(teste_p2_v0.elf elf32-littlearm)
LOAD linker stubs
LOAD C:/ST/STM32CubeIDE_2.1.1/STM32CubeIDE/plugins/com.st.stm32cube.ide.mcu.externaltools.gnu-tools-for-stm32.14.3.rel1.win32_1.0.100.202602081740/tools/bin/../lib/gcc/arm-none-eabi/14.3.1/../../../../arm-none-eabi/lib/thumb/v7-m/nofp\libc.a
LOAD C:/ST/STM32CubeIDE_2.1.1/STM32CubeIDE/plugins/com.st.stm32cube.ide.mcu.externaltools.gnu-tools-for-stm32.14.3.rel1.win32_1.0.100.202602081740/tools/bin/../lib/gcc/arm-none-eabi/14.3.1/../../../../arm-none-eabi/lib/thumb/v7-m/nofp\libm.a
LOAD C:/ST/STM32CubeIDE_2.1.1/STM32CubeIDE/plugins/com.st.stm32cube.ide.mcu.externaltools.gnu-tools-for-stm32.14.3.rel1.win32_1.0.100.202602081740/tools/bin/../lib/gcc/arm-none-eabi/14.3.1/thumb/v7-m/nofp\libgcc.a

.debug_info     0x00000000     0x7809
 .debug_info    0x00000000      0xeba ./Core/Src/main.o
 .debug_info    0x00000eba      0x7ce ./Core/Src/main_functions.o
 .debug_info    0x00001688      0x9d5 ./Core/Src/rc522_module_driver.o
 .debug_info    0x0000205d      0xe0e ./Core/Src/stm32f1xx_hal_msp.o
 .debug_info    0x00002e6b      0x501 ./Core/Src/stm32f1xx_it.o
 .debug_info    0x0000336c      0x222 ./Core/Src/system_stm32f1xx.o
 .debug_info    0x0000358e       0x30 ./Core/Startup/startup_stm32f103c8tx.o
 .debug_info    0x000035be      0x704 ./Drivers/STM32F1xx_HAL_Driver/Src/stm32f1xx_hal.o
 .debug_info    0x00003cc2      0xf13 ./Drivers/STM32F1xx_HAL_Driver/Src/stm32f1xx_hal_can.o
 .debug_info    0x00004bd5      0xa87 ./Drivers/STM32F1xx_HAL_Driver/Src/stm32f1xx_hal_cortex.o
 .debug_info    0x0000565c      0x5ab ./Drivers/STM32F1xx_HAL_Driver/Src/stm32f1xx_hal_gpio.o
 .debug_info    0x00005c07      0x7d5 ./Drivers/STM32F1xx_HAL_Driver/Src/stm32f1xx_hal_rcc.o
 .debug_info    0x000063dc     0x142d ./Drivers/STM32F1xx_HAL_Driver/Src/stm32f1xx_hal_spi.o

.debug_abbrev   0x00000000     0x1a7a
 .debug_abbrev  0x00000000      0x2fd ./Core/Src/main.o
 .debug_abbrev  0x000002fd      0x225 ./Core/Src/main_functions.o
 .debug_abbrev  0x00000522      0x25f ./Core/Src/rc522_module_driver.o
 .debug_abbrev  0x00000781      0x20e ./Core/Src/stm32f1xx_hal_msp.o
 .debug_abbrev  0x0000098f      0x17c ./Core/Src/stm32f1xx_it.o
 .debug_abbrev  0x00000b0b      0x13f ./Core/Src/system_stm32f1xx.o
 .debug_abbrev  0x00000c4a       0x24 ./Core/Startup/startup_stm32f103c8tx.o
 .debug_abbrev  0x00000c6e      0x201 ./Drivers/STM32F1xx_HAL_Driver/Src/stm32f1xx_hal.o
 .debug_abbrev  0x00000e6f      0x21c ./Drivers/STM32F1xx_HAL_Driver/Src/stm32f1xx_hal_can.o
 .debug_abbrev  0x0000108b      0x2f8 ./Drivers/STM32F1xx_HAL_Driver/Src/stm32f1xx_hal_cortex.o
 .debug_abbrev  0x00001383      0x1ca ./Drivers/STM32F1xx_HAL_Driver/Src/stm32f1xx_hal_gpio.o
 .debug_abbrev  0x0000154d      0x2b3 ./Drivers/STM32F1xx_HAL_Driver/Src/stm32f1xx_hal_rcc.o
 .debug_abbrev  0x00001800      0x27a ./Drivers/STM32F1xx_HAL_Driver/Src/stm32f1xx_hal_spi.o

.debug_aranges  0x00000000      0x7a8
 .debug_aranges
                0x00000000       0x48 ./Core/Src/main.o
 .debug_aranges
                0x00000048       0x40 ./Core/Src/main_functions.o
 .debug_aranges
                0x00000088       0x58 ./Core/Src/rc522_module_driver.o
 .debug_aranges
                0x000000e0       0x40 ./Core/Src/stm32f1xx_hal_msp.o
 .debug_aranges
                0x00000120       0x68 ./Core/Src/stm32f1xx_it.o
 .debug_aranges
                0x00000188       0x28 ./Core/Src/system_stm32f1xx.o
 .debug_aranges
                0x000001b0       0x28 ./Core/Startup/startup_stm32f103c8tx.o
 .debug_aranges
                0x000001d8       0xe0 ./Drivers/STM32F1xx_HAL_Driver/Src/stm32f1xx_hal.o
 .debug_aranges
                0x000002b8      0x138 ./Drivers/STM32F1xx_HAL_Driver/Src/stm32f1xx_hal_can.o
 .debug_aranges
                0x000003f0      0x100 ./Drivers/STM32F1xx_HAL_Driver/Src/stm32f1xx_hal_cortex.o
 .debug_aranges
                0x000004f0       0x58 ./Drivers/STM32F1xx_HAL_Driver/Src/stm32f1xx_hal_gpio.o
 .debug_aranges
                0x00000548       0x90 ./Drivers/STM32F1xx_HAL_Driver/Src/stm32f1xx_hal_rcc.o
 .debug_aranges
                0x000005d8      0x1d0 ./Drivers/STM32F1xx_HAL_Driver/Src/stm32f1xx_hal_spi.o

.debug_rnglists
                0x00000000      0x5ac
 .debug_rnglists
                0x00000000       0x34 ./Core/Src/main.o
 .debug_rnglists
                0x00000034       0x2c ./Core/Src/main_functions.o
 .debug_rnglists
                0x00000060       0x3f ./Core/Src/rc522_module_driver.o
 .debug_rnglists
                0x0000009f       0x2d ./Core/Src/stm32f1xx_hal_msp.o
 .debug_rnglists
                0x000000cc       0x49 ./Core/Src/stm32f1xx_it.o
 .debug_rnglists
                0x00000115       0x1a ./Core/Src/system_stm32f1xx.o
 .debug_rnglists
                0x0000012f       0x19 ./Core/Startup/startup_stm32f103c8tx.o
 .debug_rnglists
                0x00000148       0xa3 ./Drivers/STM32F1xx_HAL_Driver/Src/stm32f1xx_hal.o
 .debug_rnglists
                0x000001eb       0xed ./Drivers/STM32F1xx_HAL_Driver/Src/stm32f1xx_hal_can.o
 .debug_rnglists
                0x000002d8       0xbb ./Drivers/STM32F1xx_HAL_Driver/Src/stm32f1xx_hal_cortex.o
 .debug_rnglists
                0x00000393       0x3f ./Drivers/STM32F1xx_HAL_Driver/Src/stm32f1xx_hal_gpio.o
 .debug_rnglists
                0x000003d2       0x6c ./Drivers/STM32F1xx_HAL_Driver/Src/stm32f1xx_hal_rcc.o
 .debug_rnglists
                0x0000043e      0x16e ./Drivers/STM32F1xx_HAL_Driver/Src/stm32f1xx_hal_spi.o

.debug_macro    0x00000000    0x167a5
 .debug_macro   0x00000000      0x1b4 ./Core/Src/main.o
 .debug_macro   0x000001b4      0xacc ./Core/Src/main.o
 .debug_macro   0x00000c80      0x21b ./Core/Src/main.o
 .debug_macro   0x00000e9b       0x2e ./Core/Src/main.o
 .debug_macro   0x00000ec9       0x22 ./Core/Src/main.o
 .debug_macro   0x00000eeb       0x22 ./Core/Src/main.o
 .debug_macro   0x00000f0d       0x8e ./Core/Src/main.o
 .debug_macro   0x00000f9b       0x51 ./Core/Src/main.o
 .debug_macro   0x00000fec      0x103 ./Core/Src/main.o
 .debug_macro   0x000010ef       0x6a ./Core/Src/main.o
 .debug_macro   0x00001159      0x1df ./Core/Src/main.o
 .debug_macro   0x00001338       0x1c ./Core/Src/main.o
 .debug_macro   0x00001354       0x22 ./Core/Src/main.o
 .debug_macro   0x00001376       0xbd ./Core/Src/main.o
 .debug_macro   0x00001433      0xd23 ./Core/Src/main.o
 .debug_macro   0x00002156     0xe09e ./Core/Src/main.o
 .debug_macro   0x000101f4       0x6d ./Core/Src/main.o
 .debug_macro   0x00010261     0x34a2 ./Core/Src/main.o
 .debug_macro   0x00013703      0x190 ./Core/Src/main.o
 .debug_macro   0x00013893       0x5c ./Core/Src/main.o
 .debug_macro   0x000138ef      0x5bc ./Core/Src/main.o
 .debug_macro   0x00013eab      0x289 ./Core/Src/main.o
 .debug_macro   0x00014134      0x1cb ./Core/Src/main.o
 .debug_macro   0x000142ff      0x114 ./Core/Src/main.o
 .debug_macro   0x00014413      0x1b2 ./Core/Src/main.o
 .debug_macro   0x000145c5       0x27 ./Core/Src/main.o
 .debug_macro   0x000145ec      0x136 ./Core/Src/main.o
 .debug_macro   0x00014722      0x1bc ./Core/Src/main.o
 .debug_macro   0x000148de       0x34 ./Core/Src/main.o
 .debug_macro   0x00014912       0x3c ./Core/Src/main.o
 .debug_macro   0x0001494e      0x408 ./Core/Src/main.o
 .debug_macro   0x00014d56       0x57 ./Core/Src/main.o
 .debug_macro   0x00014dad       0x87 ./Core/Src/main.o
 .debug_macro   0x00014e34      0x240 ./Core/Src/main.o
 .debug_macro   0x00015074      0x140 ./Core/Src/main.o
 .debug_macro   0x000151b4      0x217 ./Core/Src/main.o
 .debug_macro   0x000153cb       0x83 ./Core/Src/main.o
 .debug_macro   0x0001544e       0x1c ./Core/Src/main.o
 .debug_macro   0x0001546a       0x1c ./Core/Src/main.o
 .debug_macro   0x00015486      0x1b4 ./Core/Src/main_functions.o
 .debug_macro   0x0001563a      0x23d ./Core/Src/rc522_module_driver.o
 .debug_macro   0x00015877      0x1a2 ./Core/Src/stm32f1xx_hal_msp.o
 .debug_macro   0x00015a19      0x1ac ./Core/Src/stm32f1xx_it.o
 .debug_macro   0x00015bc5      0x198 ./Core/Src/system_stm32f1xx.o
 .debug_macro   0x00015d5d      0x1bc ./Drivers/STM32F1xx_HAL_Driver/Src/stm32f1xx_hal.o
 .debug_macro   0x00015f19      0x1a7 ./Drivers/STM32F1xx_HAL_Driver/Src/stm32f1xx_hal_can.o
 .debug_macro   0x000160c0      0x198 ./Drivers/STM32F1xx_HAL_Driver/Src/stm32f1xx_hal_cortex.o
 .debug_macro   0x00016258      0x203 ./Drivers/STM32F1xx_HAL_Driver/Src/stm32f1xx_hal_gpio.o
 .debug_macro   0x0001645b      0x1aa ./Drivers/STM32F1xx_HAL_Driver/Src/stm32f1xx_hal_rcc.o
 .debug_macro   0x00016605      0x1a0 ./Drivers/STM32F1xx_HAL_Driver/Src/stm32f1xx_hal_spi.o

.debug_line     0x00000000     0x8bb1
 .debug_line    0x00000000      0x898 ./Core/Src/main.o
 .debug_line    0x00000898      0x800 ./Core/Src/main_functions.o
 .debug_line    0x00001098      0x912 ./Core/Src/rc522_module_driver.o
 .debug_line    0x000019aa      0x791 ./Core/Src/stm32f1xx_hal_msp.o
 .debug_line    0x0000213b      0x7ac ./Core/Src/stm32f1xx_it.o
 .debug_line    0x000028e7      0x764 ./Core/Src/system_stm32f1xx.o
 .debug_line    0x0000304b       0x78 ./Core/Startup/startup_stm32f103c8tx.o
 .debug_line    0x000030c3      0x998 ./Drivers/STM32F1xx_HAL_Driver/Src/stm32f1xx_hal.o
 .debug_line    0x00003a5b     0x118e ./Drivers/STM32F1xx_HAL_Driver/Src/stm32f1xx_hal_can.o
 .debug_line    0x00004be9      0xb5f ./Drivers/STM32F1xx_HAL_Driver/Src/stm32f1xx_hal_cortex.o
 .debug_line    0x00005748      0x9ef ./Drivers/STM32F1xx_HAL_Driver/Src/stm32f1xx_hal_gpio.o
 .debug_line    0x00006137      0xe4e ./Drivers/STM32F1xx_HAL_Driver/Src/stm32f1xx_hal_rcc.o
 .debug_line    0x00006f85     0x1c2c ./Drivers/STM32F1xx_HAL_Driver/Src/stm32f1xx_hal_spi.o

.debug_str      0x00000000    0x8082a
 .debug_str     0x00000000    0x8082a ./Core/Src/main.o
                              0x7edad (size before relaxing)
 .debug_str     0x0008082a    0x7e8e7 ./Core/Src/main_functions.o
 .debug_str     0x0008082a    0x7eb33 ./Core/Src/rc522_module_driver.o
 .debug_str     0x0008082a    0x7ed98 ./Core/Src/stm32f1xx_hal_msp.o
 .debug_str     0x0008082a    0x7e684 ./Core/Src/stm32f1xx_it.o
 .debug_str     0x0008082a    0x7e3cd ./Core/Src/system_stm32f1xx.o
 .debug_str     0x0008082a       0x72 ./Core/Startup/startup_stm32f103c8tx.o
 .debug_str     0x0008082a    0x7eb00 ./Drivers/STM32F1xx_HAL_Driver/Src/stm32f1xx_hal.o
 .debug_str     0x0008082a    0x7ebd5 ./Drivers/STM32F1xx_HAL_Driver/Src/stm32f1xx_hal_can.o
 .debug_str     0x0008082a    0x7ea4c ./Drivers/STM32F1xx_HAL_Driver/Src/stm32f1xx_hal_cortex.o
 .debug_str     0x0008082a    0x7e753 ./Drivers/STM32F1xx_HAL_Driver/Src/stm32f1xx_hal_gpio.o
 .debug_str     0x0008082a    0x7e7fc ./Drivers/STM32F1xx_HAL_Driver/Src/stm32f1xx_hal_rcc.o
 .debug_str     0x0008082a    0x7ecf3 ./Drivers/STM32F1xx_HAL_Driver/Src/stm32f1xx_hal_spi.o

.comment        0x00000000       0x43
 .comment       0x00000000       0x43 ./Core/Src/main.o
                                 0x44 (size before relaxing)
 .comment       0x00000043       0x44 ./Core/Src/main_functions.o
 .comment       0x00000043       0x44 ./Core/Src/rc522_module_driver.o
 .comment       0x00000043       0x44 ./Core/Src/stm32f1xx_hal_msp.o
 .comment       0x00000043       0x44 ./Core/Src/stm32f1xx_it.o
 .comment       0x00000043       0x44 ./Core/Src/system_stm32f1xx.o
 .comment       0x00000043       0x44 ./Drivers/STM32F1xx_HAL_Driver/Src/stm32f1xx_hal.o
 .comment       0x00000043       0x44 ./Drivers/STM32F1xx_HAL_Driver/Src/stm32f1xx_hal_can.o
 .comment       0x00000043       0x44 ./Drivers/STM32F1xx_HAL_Driver/Src/stm32f1xx_hal_cortex.o
 .comment       0x00000043       0x44 ./Drivers/STM32F1xx_HAL_Driver/Src/stm32f1xx_hal_gpio.o
 .comment       0x00000043       0x44 ./Drivers/STM32F1xx_HAL_Driver/Src/stm32f1xx_hal_rcc.o
 .comment       0x00000043       0x44 ./Drivers/STM32F1xx_HAL_Driver/Src/stm32f1xx_hal_spi.o

.debug_frame    0x00000000     0x1c18
 .debug_frame   0x00000000       0xc8 ./Core/Src/main.o
 .debug_frame   0x000000c8       0xb4 ./Core/Src/main_functions.o
 .debug_frame   0x0000017c      0x12c ./Core/Src/rc522_module_driver.o
 .debug_frame   0x000002a8       0xc4 ./Core/Src/stm32f1xx_hal_msp.o
 .debug_frame   0x0000036c      0x114 ./Core/Src/stm32f1xx_it.o
 .debug_frame   0x00000480       0x50 ./Core/Src/system_stm32f1xx.o
 .debug_frame   0x000004d0      0x2e4 ./Drivers/STM32F1xx_HAL_Driver/Src/stm32f1xx_hal.o
 .debug_frame   0x000007b4      0x524 ./Drivers/STM32F1xx_HAL_Driver/Src/stm32f1xx_hal_can.o
 .debug_frame   0x00000cd8      0x3f0 ./Drivers/STM32F1xx_HAL_Driver/Src/stm32f1xx_hal_cortex.o
 .debug_frame   0x000010c8      0x130 ./Drivers/STM32F1xx_HAL_Driver/Src/stm32f1xx_hal_gpio.o
 .debug_frame   0x000011f8      0x1f8 ./Drivers/STM32F1xx_HAL_Driver/Src/stm32f1xx_hal_rcc.o
 .debug_frame   0x000013f0      0x7dc ./Drivers/STM32F1xx_HAL_Driver/Src/stm32f1xx_hal_spi.o
 .debug_frame   0x00001bcc       0x20 C:/ST/STM32CubeIDE_2.1.1/STM32CubeIDE/plugins/com.st.stm32cube.ide.mcu.externaltools.gnu-tools-for-stm32.14.3.rel1.win32_1.0.100.202602081740/tools/bin/../lib/gcc/arm-none-eabi/14.3.1/../../../../arm-none-eabi/lib/thumb/v7-m/nofp\libc_nano.a(libc_a-memset.o)
 .debug_frame   0x00001bec       0x2c C:/ST/STM32CubeIDE_2.1.1/STM32CubeIDE/plugins/com.st.stm32cube.ide.mcu.externaltools.gnu-tools-for-stm32.14.3.rel1.win32_1.0.100.202602081740/tools/bin/../lib/gcc/arm-none-eabi/14.3.1/../../../../arm-none-eabi/lib/thumb/v7-m/nofp\libc_nano.a(libc_a-init.o)

.debug_line_str
                0x00000000       0x56
 .debug_line_str
                0x00000000       0x56 ./Core/Startup/startup_stm32f103c8tx.o
